 This run of the CFX 2026 R1 Solver started at 23:45:59 on 25 Sep 2026
 by user mahmu on MSI (intel_xeon64.sse2_winnt) using the command:
 
  "C:\Program Files\ANSYS Inc\ANSYS Student\v261\CFX\bin\perllib\cfx5solve.pl"
    -batch -ccl runInput.ccl -fullname "Turbomachinery Fluid Flow_004"
 
 2026 R1
 
  Point Releases and Patches installed:
  Ansys, Inc. License Manager 2026 R1
  Discovery (full install) 2026 R1
  Core WB Files 2026 R1
  optiSLang Core UI 2026 R1
  CFX (includes CFD-Post) 2026 R1
  Chemkin 2026 R1
  EnSight 2026 R1
  FENSAP-ICE 2026 R1
  Fluent (includes CFD-Post) 2026 R1
  Polyflow (includes CFD-Post) 2026 R1
  Forte (includes EnSight) 2026 R1
  Rocky 2026 R1
  TurboGrid 2026 R1
  ACIS Geometry Interface 2026 R1
  AutoCAD Geometry Interface 2026 R1
  Catia, Version 4 Geometry Interface 2026 R1
  Catia, Version 5 Geometry Interface 2026 R1
  Catia, Version 6 Geometry Interface 2026 R1
  Creo Elements/Direct Modeling Geometry Interface 2026 R1
  Creo Parametric Geometry Interface 2026 R1
  Inventor Geometry Interface 2026 R1
  JTOpen Geometry Interface 2026 R1
  NX Geometry Interface 2026 R1
  Parasolid Geometry Interface  2026 R1
  Solid Edge Geometry Interface 2026 R1
  SOLIDWORKS Geometry Interface 2026 R1
  Speos 2026 R1
  SpaceClaim 2026 R1
  Speos RPC 2026 R1
  Zemax OpticStudio 2026 R1
  Dynamic Reporting 2026 R1
  Aqwa 2026 R1
  Autodyn 2026 R1
  Material Calibration App 2026 R1
  Mechanical Products 2026 R1
  Motion 2026 R1
  Academic Student 2026 R1
 
 Setting up CFX Solver run ...
 
 
 +--------------------------------------------------------------------+
 |                                                                    |
 |                    CFX Command Language for Run                    |
 |                                                                    |
 +--------------------------------------------------------------------+
 
 LIBRARY:
   MATERIAL: Hydraulic Oil
     Material Group = User
     Option = Pure Substance
     PROPERTIES:
       Option = General Material
       EQUATION OF STATE:
         Density = 850 [kg m^-3]
         Molar Mass = 1.0 [kg kmol^-1]
         Option = Value
       END
       DYNAMIC VISCOSITY:
         Dynamic Viscosity = 0.04 [Pa s]
         Option = Value
       END
     END
   END
 END
 FLOW: Flow Analysis 1
   SOLUTION UNITS:
     Angle Units = [rad]
     Length Units = [m]
     Mass Units = [kg]
     Solid Angle Units = [sr]
     Temperature Units = [K]
     Time Units = [s]
   END
   ANALYSIS TYPE:
     Option = Steady State
     EXTERNAL SOLVER COUPLING:
       Option = None
     END
   END
   DOMAIN: R1
     Coord Frame = Coord 0
     Domain Type = Fluid
     Location = Primitive 3D
     BOUNDARY: R1 Blade
       Boundary Type = WALL
       Frame Type = Rotating
       Location = BLADE
       BOUNDARY CONDITIONS:
         MASS AND MOMENTUM:
           Option = No Slip Wall
         END
         WALL ROUGHNESS:
           Option = Smooth Wall
         END
       END
     END
     BOUNDARY: R1 Hub
       Boundary Type = WALL
       Coord Frame = Coord 0
       Frame Type = Rotating
       Location = HUB
       BOUNDARY CONDITIONS:
         MASS AND MOMENTUM:
           Option = No Slip Wall
         END
         WALL ROUGHNESS:
           Option = Smooth Wall
         END
       END
     END
     BOUNDARY: R1 Outlet
       Boundary Type = OUTLET
       Frame Type = Stationary
       Location = OUTFLOW
       BOUNDARY CONDITIONS:
         FLOW REGIME:
           Option = Subsonic
         END
         MASS AND MOMENTUM:
           Option = Average Static Pressure
           Pressure Profile Blend = 0.05
           Relative Pressure = 1 [bar]
         END
         PRESSURE AVERAGING:
           Option = Average Over Whole Outlet
         END
       END
     END
     BOUNDARY: R1 Shroud
       Boundary Type = WALL
       Coord Frame = Coord 0
       Frame Type = Rotating
       Location = SHROUD
       BOUNDARY CONDITIONS:
         MASS AND MOMENTUM:
           Option = No Slip Wall
           WALL VELOCITY:
             Option = Counter Rotating Wall
           END
         END
         WALL ROUGHNESS:
           Option = Smooth Wall
         END
       END
     END
     BOUNDARY: R1 to R1 Periodic 1 Side 1
       Boundary Type = INTERFACE
       Location = PER1
       BOUNDARY CONDITIONS:
         MASS AND MOMENTUM:
           Option = Conservative Interface Flux
         END
         TURBULENCE:
           Option = Conservative Interface Flux
         END
       END
     END
     BOUNDARY: R1 to R1 Periodic 1 Side 2
       Boundary Type = INTERFACE
       Location = PER2
       BOUNDARY CONDITIONS:
         MASS AND MOMENTUM:
           Option = Conservative Interface Flux
         END
         TURBULENCE:
           Option = Conservative Interface Flux
         END
       END
     END
     BOUNDARY: R1 to S1 Side 1
       Boundary Type = INTERFACE
       Location = INFLOW
       BOUNDARY CONDITIONS:
         MASS AND MOMENTUM:
           Option = Conservative Interface Flux
         END
         TURBULENCE:
           Option = Conservative Interface Flux
         END
       END
     END
     DOMAIN MODELS:
       BUOYANCY MODEL:
         Option = Non Buoyant
       END
       DOMAIN MOTION:
         Alternate Rotation Model = true
         Angular Velocity = 523.6 [radian s^-1]
         Option = Rotating
         AXIS DEFINITION:
           Option = Coordinate Axis
           Rotation Axis = Coord 0.3
         END
       END
       MESH DEFORMATION:
         Option = None
       END
       REFERENCE PRESSURE:
         Reference Pressure = 1 [atm]
       END
     END
     FLUID DEFINITION: Hydraulic Oil
       Material = Hydraulic Oil
       Option = Material Library
       MORPHOLOGY:
         Option = Continuous Fluid
       END
     END
     FLUID MODELS:
       COMBUSTION MODEL:
         Option = None
       END
       HEAT TRANSFER MODEL:
         Option = None
       END
       THERMAL RADIATION MODEL:
         Option = None
       END
       TURBULENCE MODEL:
         Option = SST
       END
       TURBULENT WALL FUNCTIONS:
         Option = Automatic
       END
     END
   END
   DOMAIN: S1
     Coord Frame = Coord 0
     Domain Type = Fluid
     Location = B364
     BOUNDARY: R1 to S1 Side 2
       Boundary Type = INTERFACE
       Location = out
       BOUNDARY CONDITIONS:
         MASS AND MOMENTUM:
           Option = Conservative Interface Flux
         END
         TURBULENCE:
           Option = Conservative Interface Flux
         END
       END
     END
     BOUNDARY: S1 Blade
       Boundary Type = WALL
       Location = blade
       BOUNDARY CONDITIONS:
         MASS AND MOMENTUM:
           Option = No Slip Wall
         END
         WALL ROUGHNESS:
           Option = Smooth Wall
         END
       END
     END
     BOUNDARY: S1 Hub
       Boundary Type = WALL
       Location = hub
       BOUNDARY CONDITIONS:
         MASS AND MOMENTUM:
           Option = No Slip Wall
         END
         WALL ROUGHNESS:
           Option = Smooth Wall
         END
       END
     END
     BOUNDARY: S1 Inlet
       Boundary Type = INLET
       Location = in
       BOUNDARY CONDITIONS:
         FLOW DIRECTION:
           Option = Normal to Boundary Condition
         END
         FLOW REGIME:
           Option = Subsonic
         END
         MASS AND MOMENTUM:
           Option = Total Pressure
           Relative Pressure = 2 [bar]
         END
         TURBULENCE:
           Option = Medium Intensity and Eddy Viscosity Ratio
         END
       END
     END
     BOUNDARY: S1 Shroud
       Boundary Type = WALL
       Location = shroud
       BOUNDARY CONDITIONS:
         MASS AND MOMENTUM:
           Option = No Slip Wall
         END
         WALL ROUGHNESS:
           Option = Smooth Wall
         END
       END
     END
     BOUNDARY: S1 to S1 Periodic 1 Side 1
       Boundary Type = INTERFACE
       Location = periodic1
       BOUNDARY CONDITIONS:
         MASS AND MOMENTUM:
           Option = Conservative Interface Flux
         END
         TURBULENCE:
           Option = Conservative Interface Flux
         END
       END
     END
     BOUNDARY: S1 to S1 Periodic 1 Side 2
       Boundary Type = INTERFACE
       Location = periodic2
       BOUNDARY CONDITIONS:
         MASS AND MOMENTUM:
           Option = Conservative Interface Flux
         END
         TURBULENCE:
           Option = Conservative Interface Flux
         END
       END
     END
     DOMAIN MODELS:
       BUOYANCY MODEL:
         Option = Non Buoyant
       END
       DOMAIN MOTION:
         Option = Stationary
       END
       MESH DEFORMATION:
         Option = None
       END
       REFERENCE PRESSURE:
         Reference Pressure = 1 [atm]
       END
     END
     FLUID DEFINITION: Hydraulic Oil
       Material = Hydraulic Oil
       Option = Material Library
       MORPHOLOGY:
         Option = Continuous Fluid
       END
     END
     FLUID MODELS:
       COMBUSTION MODEL:
         Option = None
       END
       HEAT TRANSFER MODEL:
         Option = None
       END
       THERMAL RADIATION MODEL:
         Option = None
       END
       TURBULENCE MODEL:
         Option = SST
       END
       TURBULENT WALL FUNCTIONS:
         Option = Automatic
       END
     END
   END
   DOMAIN INTERFACE: R1 to R1 Periodic 1
     Boundary List1 = R1 to R1 Periodic 1 Side 1
     Boundary List2 = R1 to R1 Periodic 1 Side 2
     Interface Type = Fluid Fluid
     INTERFACE MODELS:
       Option = Rotational Periodicity
       AXIS DEFINITION:
         Option = Coordinate Axis
         Rotation Axis = Coord 0.3
       END
     END
     MESH CONNECTION:
       Option = Automatic
     END
   END
   DOMAIN INTERFACE: R1 to S1
     Boundary List1 = R1 to S1 Side 1
     Boundary List2 = R1 to S1 Side 2
     Interface Type = Fluid Fluid
     INTERFACE MODELS:
       Option = General Connection
       FRAME CHANGE:
         Option = Stage
         DOWNSTREAM VELOCITY CONSTRAINT:
           Frame Type = Rotating
           Option = Constant Total Pressure
         END
       END
       PITCH CHANGE:
         Option = Specified Pitch Angles
         Pitch Angle Side1 = 6.37168 [degree]
         Pitch Angle Side2 = 6.00000 [degree]
       END
     END
     MESH CONNECTION:
       Option = GGI
     END
   END
   DOMAIN INTERFACE: S1 to S1 Periodic 1
     Boundary List1 = S1 to S1 Periodic 1 Side 1
     Boundary List2 = S1 to S1 Periodic 1 Side 2
     Interface Type = Fluid Fluid
     INTERFACE MODELS:
       Option = Rotational Periodicity
       AXIS DEFINITION:
         Option = Coordinate Axis
         Rotation Axis = Coord 0.3
       END
     END
     MESH CONNECTION:
       Option = Automatic
     END
   END
   OUTPUT CONTROL:
     RESULTS:
       File Compression Level = Default
       Option = Standard
     END
   END
   SOLVER CONTROL:
     Turbulence Numerics = First Order
     ADVECTION SCHEME:
       Option = High Resolution
     END
     CONVERGENCE CONTROL:
       Maximum Number of Iterations = 100
       Minimum Number of Iterations = 1
       Physical Timescale = 0.002 [s]
       Timescale Control = Physical Timescale
     END
     CONVERGENCE CRITERIA:
       Residual Target = 1.E-4
       Residual Type = RMS
     END
     DYNAMIC MODEL CONTROL:
       Global Dynamic Model Control = On
     END
     INTERRUPT CONTROL:
       Option = Any Interrupt
       CONVERGENCE CONDITIONS:
         Option = Default Conditions
       END
     END
   END
 END
 COMMAND FILE:
   Version = 26.1
   Results Version = 26.1
 END
 SIMULATION CONTROL:
   EXECUTION CONTROL:
     EXECUTABLE SELECTION:
       Double Precision = No
       Large Problem = No
     END
     INTERPOLATOR STEP CONTROL:
       Runtime Priority = Standard
       MEMORY CONTROL:
         Memory Allocation Factor = 1.0
         Option = Model Based
       END
     END
     LICENSE CONTROL:
       Capability Level = Automatic
       HPC License = Automatic
     END
     PARALLEL HOST LIBRARY:
       HOST DEFINITION: msi
         Installation Root = C:\Program Files\ANSYS Inc\ANSYS Student\v%v\CFX
         Host Architecture String = winnt-amd64
       END
     END
     PARTITIONER STEP CONTROL:
       Multidomain Option = Automatic
       Option = Spatial Partitioning
       Runtime Priority = Standard
       MEMORY CONTROL:
         Memory Allocation Factor = 1.0
         Option = Model Based
       END
       PARTITION SMOOTHING:
         Maximum Partition Smoothing Sweeps = 100
         Option = Smooth
       END
       PARTITIONING TYPE:
         MeTiS Type = k-way
         Option = MeTiS
         Partition Size Rule = Automatic
         Partition Weight Factors = 0.50000, 0.50000
       END
       SPATIAL PARTITIONING:
         Option = Automatic
       END
     END
     RUN DEFINITION:
       Run Mode = Full
       Solver Input File = Turbomachinery Fluid Flow.def
       Solver Results File = \
         C:/Users/mahmu/OneDrive/Desktop/SOFT_SWITCH_BUILD/ANSYS_SIMULATION/tu\
         rbo_sim_1_pending/dp0_TFF_Solution/Turbomachinery Fluid Flow_004.res
       INITIAL VALUES SPECIFICATION:
         INITIAL VALUES CONTROL:
           Use Mesh From = Solver Input File
           Continue History From = Workbench Initial Values
         END
         INITIAL VALUES: Workbench Initial Values
           Option = Results File
           File Name = Turbomachinery Fluid Flow_003.res
         END
       END
     END
     SOLVER STEP CONTROL:
       Runtime Priority = Standard
       MEMORY CONTROL:
         Memory Allocation Factor = 1.0
         Option = Model Based
       END
       PARALLEL ENVIRONMENT:
         Maximum Number of Processes = 2
         Start Method = Microsoft MPI Local Parallel
         Parallel Host List = msi*2
       END
     END
   END
 END
 
 
 +--------------------------------------------------------------------+
 |                                                                    |
 |                  Interpolation of Initial Values                   |
 |                                                                    |
 +--------------------------------------------------------------------+
 
 


 +--------------------------------------------------------------------+
 |                                                                    |
 |                    ANSYS(R) CFX(R) Interpolator                    |
 |                                                                    |
 | 2026 R1                                                            |
 | Build 26.1 2026-01-12T11:19:59.221722                              |
 | Mon Jan 12 11:54:10 PST 2026                                       |
 |                                                                    |
 |                        Executable Attributes                       |
 |                                                                    |
 |           single-64bit-int32-archfort-optimised-std-lcomp          |
 |                                                                    |
 | Copyright (C) 1996-2026 Synopsys, Inc. and ANSYS, Inc.             |
 |                                                                    |
 | All rights reserved. Unauthorized use, distribution or duplication |
 | is prohibited. This product is subject to U.S. laws governing      |
 | export and re-export. For full Legal Notice, see documentation.    |
 +--------------------------------------------------------------------+




 +--------------------------------------------------------------------+
 |                  Job Information at Start of Run                   |
 +--------------------------------------------------------------------+

 Run mode:       serial run

 Host computer:  MSI (PID:25824)

 Job started:    Fri Sep 25 23:45:59 2026


 +--------------------------------------------------------------------+
 |         Initial Memory Allocation  (Actual usage may vary)         |
 +--------------------------------------------------------------------+

           | Real       | Integer    | Character | Logical  | Double
 ----------+------------+------------+-----------+----------+----------
 Mwords    |       2.27 |       2.92 |      0.20 |     0.01 |     0.12
 Mbytes    |       8.66 |      11.12 |      0.19 |     0.04 |     0.88
 ----------+------------+------------+-----------+----------+----------


 +--------------------------------------------------------------------+
 |            Host Memory Information (Mbytes): Interpolator          |
 +--------------------------------------------------------------------+
 |          Host           |     System     |   Allocated    |   %    |
 +-------------------------+----------------+----------------+--------+
 | MSI                     |     32244.80   |        20.89   |   0.06 |
 +-------------------------+----------------+----------------+--------+

 ======================================================================
                     Interpolating Onto Domain "R1"
 ======================================================================

 Total Number of Nodes in the Target Domain              =        38360
 Bounding Box Volume of the Target Mesh                  =  8.59948E-04


 Checking all source domains from the source file:
   Target mesh is the same as domain "R1".

 Start direct copying of variables from domain "R1".

 +--------------------------------------------------------------------+
 |                     Variable Range Information                     |
 +--------------------------------------------------------------------+
 +--------------------------------------------------------------------+
 |      Variable Name                         |    min    |    max    |
 +--------------------------------------------------------------------+
 | Velocity in Stn Frame u.Beta               |  7.81E-05 |  1.00E+00 |
 | Velocity in Stn Frame v.Beta               |  3.28E-05 |  1.00E+00 |
 | Velocity in Stn Frame w.Beta               |  6.86E-05 |  1.00E+00 |
 | Courant Number                             |  2.65E+00 |  3.49E+03 |
 | Density                                    |  8.50E+02 |  8.50E+02 |
 | Volume Porosity                            |  1.00E+00 |  1.00E+00 |
 | Pressure.Gradient                          |  2.21E+07 |  7.84E+09 |
 | Velocity u.Gradient                        |  2.09E+01 |  1.47E+05 |
 | Velocity v.Gradient                        |  5.30E+01 |  4.59E+05 |
 | Velocity w.Gradient                        |  6.76E+01 |  1.34E+05 |
 | Velocity in Stn Frame u.Gradient           |  7.91E+01 |  1.48E+05 |
 | Velocity in Stn Frame v.Gradient           |  4.52E+01 |  4.59E+05 |
 | Velocity in Stn Frame w.Gradient           |  8.31E+01 |  1.33E+05 |
 | Wall Scale.Gradient                        |  1.00E-04 |  7.01E-02 |
 | Absolute Pressure                          | -9.07E+06 |  9.55E+06 |
 | Pressure                                   | -9.17E+06 |  9.45E+06 |
 | Total Pressure                             | -2.29E+07 | -2.46E+06 |
 | Total Pressure in Rel Frame                | -5.68E+06 |  1.75E+07 |
 | Total Pressure in Stn Frame                | -9.07E+06 |  4.06E+07 |
 | Real Partition Number                      |  1.00E+00 |  2.00E+00 |
 | Rotation Velocity                          |  1.99E+02 |  2.40E+02 |
 | Specific Volume                            |  1.18E-03 |  1.18E-03 |
 | First Blending Function for BSL and SST mod|  1.05E-05 |  1.00E+00 |
 | Second Blending Function for SST model     |  3.62E-01 |  1.00E+00 |
 | Shear Strain Rate                          |  2.71E+02 |  4.40E+05 |
 | Turbulence Eddy Dissipation                |  9.31E+03 |  5.97E+07 |
 | Turbulence Eddy Frequency                  |  3.11E+03 |  7.18E+05 |
 | Turbulence Kinetic Energy                  |  1.47E+01 |  1.16E+03 |
 | Velocity in Stn Frame                      |  9.57E+00 |  3.22E+02 |
 | Velocity                                   |  7.32E-01 |  1.98E+02 |
 | Dynamic Viscosity                          |  4.00E-02 |  4.00E-02 |
 | Eddy Viscosity                             |  9.46E-02 |  1.70E+01 |
 | Wall Distance                              |  0.00E+00 |  2.89E-02 |
 | Wall Scale                                 | -1.51E-06 |  4.95E-04 |
 +--------------------------------------------------------------------+

 Copying 2 immersed solid domain motion data from the source domain.

 ======================================================================
                     Interpolating Onto Domain "S1"
 ======================================================================

 Total Number of Nodes in the Target Domain              =        36768
 Bounding Box Volume of the Target Mesh                  =  9.00284E-04


 Checking all source domains from the source file:
   Target domain motion is different from domain "R1".
   Target mesh is the same as domain "S1".

 Start direct copying of variables from domain "S1".

 +--------------------------------------------------------------------+
 |                     Variable Range Information                     |
 +--------------------------------------------------------------------+
 +--------------------------------------------------------------------+
 |      Variable Name                         |    min    |    max    |
 +--------------------------------------------------------------------+
 | Velocity u.Beta                            |  5.96E-07 |  1.00E+00 |
 | Velocity v.Beta                            |  1.07E-06 |  1.00E+00 |
 | Velocity w.Beta                            |  3.47E-07 |  1.00E+00 |
 | Courant Number                             |  1.00E+00 |  3.32E+03 |
 | Density                                    |  8.50E+02 |  8.50E+02 |
 | Volume Porosity                            |  1.00E+00 |  1.00E+00 |
 | Pressure.Gradient                          |  2.22E+03 |  2.47E+10 |
 | Velocity u.Gradient                        |  1.52E-01 |  2.01E+05 |
 | Velocity v.Gradient                        |  3.19E-02 |  4.47E+05 |
 | Velocity w.Gradient                        |  2.63E-01 |  2.52E+05 |
 | Velocity in Stn Frame u.Gradient           |  1.52E-01 |  2.01E+05 |
 | Velocity in Stn Frame v.Gradient           |  3.19E-02 |  4.47E+05 |
 | Velocity in Stn Frame w.Gradient           |  2.63E-01 |  2.52E+05 |
 | Wall Scale.Gradient                        |  2.59E-04 |  8.30E-02 |
 | Absolute Pressure                          | -1.06E+07 |  7.72E+06 |
 | Pressure                                   | -1.07E+07 |  7.61E+06 |
 | Total Pressure                             | -3.18E+06 |  2.16E+07 |
 | Total Pressure in Rel Frame                | -3.18E+06 |  2.16E+07 |
 | Total Pressure in Stn Frame                | -3.18E+06 |  2.16E+07 |
 | Real Partition Number                      |  1.00E+00 |  2.00E+00 |
 | Rotation Velocity                          |  0.00E+00 |  0.00E+00 |
 | Specific Volume                            |  1.18E-03 |  1.18E-03 |
 | First Blending Function for BSL and SST mod|  3.87E-10 |  1.00E+00 |
 | Second Blending Function for SST model     |  2.47E-01 |  1.00E+00 |
 | Shear Strain Rate                          |  1.51E+00 |  5.24E+05 |
 | Turbulence Eddy Dissipation                |  5.31E-01 |  6.87E+07 |
 | Turbulence Eddy Frequency                  |  1.12E+02 |  5.56E+06 |
 | Turbulence Kinetic Energy                  |  2.66E-04 |  6.79E+02 |
 | Velocity in Stn Frame                      |  1.17E-01 |  2.11E+02 |
 | Velocity                                   |  1.17E-01 |  2.11E+02 |
 | Dynamic Viscosity                          |  4.00E-02 |  4.00E-02 |
 | Eddy Viscosity                             |  2.34E-07 |  1.03E+01 |
 | Wall Distance                              |  0.00E+00 |  3.31E-02 |
 | Wall Scale                                 | -1.05E-06 |  5.61E-04 |
 +--------------------------------------------------------------------+

 Copying 2 immersed solid domain motion data from the source domain.

 ======================================================================
       Copy GGI Data Onto Domain Interface "R1 to R1 Periodic 1"
 ======================================================================

 Checking all source domain interfaces from the source file:
   Target GGI is the same as domain interface "R1 to R1 Periodic 1".

 Start direct copying of variables from domain interface "R1 to R1 Periodic 1".

 ======================================================================
             Copy GGI Data Onto Domain Interface "R1 to S1"
 ======================================================================

 Checking all source domain interfaces from the source file:
   Target GGI is different from domain interface "R1 to R1 Periodic 1".
   Target GGI is the same as domain interface "R1 to S1".

 Start direct copying of variables from domain interface "R1 to S1".

 +--------------------------------------------------------------------+
 |                   CS Variable Range Information                    |
 +--------------------------------------------------------------------+
 | Density                                    |  8.50E+02 |  8.50E+02 |
 | Pressure                                   | -2.43E+05 |  2.77E+06 |
 | Turbulence Eddy Frequency                  |  2.61E+04 |  6.10E+04 |
 | Turbulence Kinetic Energy                  |  9.25E+01 |  6.05E+02 |
 | Velocity                                   |  2.44E+01 |  2.15E+02 |
 | Wall Scale                                 |  7.04E-07 |  5.66E-05 |
 +--------------------------------------------------------------------+

 +--------------------------------------------------------------------+
 |                   IP Variable Range Information                    |
 +--------------------------------------------------------------------+
 | Mass Flow                                  | -2.67E-02 |  3.59E-02 |
 +--------------------------------------------------------------------+

 ======================================================================
       Copy GGI Data Onto Domain Interface "S1 to S1 Periodic 1"
 ======================================================================

 Checking all source domain interfaces from the source file:
   Target GGI is different from domain interface "R1 to R1 Periodic 1".
   Target GGI is different from domain interface "R1 to S1".
   Target GGI is the same as domain interface "S1 to S1 Periodic 1".

 Start direct copying of variables from domain interface "S1 to S1 Periodic 1".

 +--------------------------------------------------------------------+
 |                   CS Variable Range Information                    |
 +--------------------------------------------------------------------+
 | Density                                    |  8.50E+02 |  8.50E+02 |
 | Pressure                                   | -3.61E+06 |  1.01E+07 |
 | Turbulence Eddy Frequency                  |  1.15E+02 |  2.76E+05 |
 | Turbulence Kinetic Energy                  |  2.14E-02 |  5.16E+02 |
 | Velocity                                   |  1.98E+00 |  2.08E+02 |
 | Wall Scale                                 |  5.24E-08 |  5.49E-04 |
 +--------------------------------------------------------------------+

 +--------------------------------------------------------------------+
 |                   IP Variable Range Information                    |
 +--------------------------------------------------------------------+
 | Mass Flow                                  | -5.71E-02 |  5.71E-02 |
 +--------------------------------------------------------------------+


 +--------------------------------------------------------------------+
 |            Host Memory Information (Mbytes): Interpolator          |
 +--------------------------------------------------------------------+
 |          Host           |     System     |      Peak      |   %    |
 +-------------------------+----------------+----------------+--------+
 | MSI                     |     32244.80   |        52.61   |   0.16 |
 +-------------------------+----------------+----------------+--------+

 +--------------------------------------------------------------------+
 |               CPU Time Requirements of Interpolator                |
 +--------------------------------------------------------------------+
 

 Domain Name                     Tree Setup           Interpolation
                                (secs.   %total)     (secs.   %total) 
 ----------------------------------------------------------------------
 R1                             1.40E-02   1.7 %     1.19E-01  14.1 %
 S1                             1.50E-02   1.8 %     1.43E-01  17.0 %
                                -------- -------     --------  ------
 Domain Summary                 2.90E-02   3.4 %     2.62E-01  31.1 %

 Miscellaneous                  5.51E-01   65.4 %
                                --------
 Total                          8.42E-01

 +--------------------------------------------------------------------+
 |                   Job Information at End of Run                    |
 +--------------------------------------------------------------------+

 Host computer:  MSI (PID:25824)

 Job finished:   Fri Sep 25 23:46:00 2026

 Total wall clock time: 6.980E-01 seconds
             or: (          0:         0:         0:     0.698 )
                 (       Days:     Hours:   Minutes:   Seconds )

 
 +--------------------------------------------------------------------+
 |                                                                    |
 |                            Partitioning                            |
 |                                                                    |
 +--------------------------------------------------------------------+
 



 +--------------------------------------------------------------------+
 |                                                                    |
 |                     ANSYS(R) CFX(R) Partitioner                    |
 |                                                                    |
 | 2026 R1                                                            |
 | Build 26.1 2026-01-12T11:19:59.221722                              |
 | Mon Jan 12 11:54:10 PST 2026                                       |
 |                                                                    |
 |                        Executable Attributes                       |
 |                                                                    |
 |           single-64bit-int32-archfort-optimised-std-lcomp          |
 |                                                                    |
 | Copyright (C) 1996-2026 Synopsys, Inc. and ANSYS, Inc.             |
 |                                                                    |
 | All rights reserved. Unauthorized use, distribution or duplication |
 | is prohibited. This product is subject to U.S. laws governing      |
 | export and re-export. For full Legal Notice, see documentation.    |
 +--------------------------------------------------------------------+




 +--------------------------------------------------------------------+
 |                  Job Information at Start of Run                   |
 +--------------------------------------------------------------------+

 Run mode:       partitioning run

 Host computer:  MSI (PID:10116)

 Job started:    Fri Sep 25 23:46:01 2026

 +--------------------------------------------------------------------+
 |                        License Information                         |
 +--------------------------------------------------------------------+

 License Cap:    ANSYS CFD Solver
 License ID:     MSI-mahmu-11516-000778

 License Cap:    ANSYS HPC Parallel
 License ID:     MSI-mahmu-11516-000781

 INFO: You are using an academic student license which enables meshes 
       up to 1000000 vertices.

 INFO: Your license enables 4-way parallel execution.
       For faster simulations, please start the application with the
       appropriate parallel options.


 +--------------------------------------------------------------------+
 |         Initial Memory Allocation  (Actual usage may vary)         |
 +--------------------------------------------------------------------+

           | Real       | Integer    | Character | Logical  | Double
 ----------+------------+------------+-----------+----------+----------
 Mwords    |       2.29 |       7.57 |      9.14 |     0.12 |     1.20
 Mbytes    |       8.72 |      28.88 |      8.72 |     0.46 |     9.16
 ----------+------------+------------+-----------+----------+----------


 +--------------------------------------------------------------------+
 |            Host Memory Information (Mbytes): Partitioner           |
 +--------------------------------------------------------------------+
 |          Host           |     System     |   Allocated    |   %    |
 +-------------------------+----------------+----------------+--------+
 | MSI                     |     32244.80   |        55.93   |   0.17 |
 +-------------------------+----------------+----------------+--------+

 +--------------------------------------------------------------------+
 | The MeTiS partitioning method allocates additional memory.         |
 | Total memory usage will therefore exceed the values shown above.   |
 +--------------------------------------------------------------------+

 +--------------------------------------------------------------------+
 |                      Topology Simplification                       |
 +--------------------------------------------------------------------+

 +--------------------------------------------------------------------+
 |                       ****** Warning ******                        |
 |                                                                    |
 | Topology simplification is activated with the following            |
 | restrictions:                                                      |
 |                                                                    |
 | - Mesh regions referenced only within User Fortran and NOT         |
 |   in the command file will cause the solver to stop.               |
 | - The solver will stop during any "Edit Run in Progress" step      |
 |   if new 2D regions are referenced.                                |
 +--------------------------------------------------------------------+

 +--------------------------------------------------------------------+
 |                          Mesh Statistics                           |
 +--------------------------------------------------------------------+

 Domain Name : R1

     Total Number of Nodes                                =       38360

     Total Number of Elements                             =       33202
         Total Number of Hexahedrons                      =       33202

     Total Number of Faces                                =        9970

 Domain Name : S1

     Total Number of Nodes                                =       36768

     Total Number of Elements                             =      136297
         Total Number of Tetrahedrons                     =      108534
         Total Number of Prisms                           =       27163
         Total Number of Pyramids                         =         600

     Total Number of Faces                                =       16517
 
 Global Statistics :

     Global Number of Nodes                               =       75128

     Global Number of Elements                            =      169499
         Total Number of Tetrahedrons                     =      108534
         Total Number of Prisms                           =       27163
         Total Number of Hexahedrons                      =       33202
         Total Number of Pyramids                         =         600

     Global Number of Faces                               =       26487

 Domain Interface Name : R1 to R1 Periodic 1

     Discretization type                                  =         1:1
     Pitch angle  [degrees]                               =       6.372

 Domain Interface Name : R1 to S1

     Discretization type                                  =         GGI
     Intersection type                                    =   Restarted
     Non-overlap area fraction on side 1                  =    1.07E-02
     Non-overlap area fraction on side 2                  =    1.17E-03
     Pitch ratio ( pitch side 1 / pitch side 2 )          =       1.062
     Pitch angle for side 1 [degrees]                     =       6.372
     Pitch angle for side 2 [degrees]                     =       6.000
     Number of stage groups                               =          20

 Domain Interface Name : S1 to S1 Periodic 1

     Discretization type                                  =         GGI
     Intersection type                                    =   Restarted
     Non-overlap area fraction on side 1                  =    2.68E-07
     Non-overlap area fraction on side 2                  =    2.66E-05
     Pitch angle  [degrees]                               =       6.000

 +--------------------------------------------------------------------+
 |                     Vertex Based Partitioning                      |
 +--------------------------------------------------------------------+

 Coupled partitioning of domains:  
   R1
   S1

 - Partitioning tool:       MeTiS multilevel k-way algorithm
 - Number of partitions:             2
 - Number of graph-nodes:        74288
 - Number of graph-edges:       708296

 +--------------------------------------------------------------------+
 |                 Iso-Partition Connection Statistics                |
 +--------------------------------------------------------------------+
 | Domains in Group          |        |           Vertices            |
 |                           | Smooth +---------+----------+----------+
 |                           | Sweeps |  Moves  |   <25%   |   <50%   |
 +---------------------------+--------+---------+----------+----------+
 | R1,S1,                    |     2  |       2 |       0  |       0  |
 +---------------------------+--------+---------+----------+----------+

 +--------------------------------------------------------------------+
 |                      Partitioning Information                      |
 +--------------------------------------------------------------------+

 Partitioning information for domains:  
   R1
   S1

        +------------------+------------------------+-----------------+
        |     Elements     |        Vertices        |     Faces       |
 +------+------------------+------------------------+-----------------+
 | Part |   Number     %   |   Number     %   %Ovlp |  Number     %   |
 +------+------------------+------------------------+-----------------+
 | Full |    169499        |     75128              |    26487        |
 +------+------------------+------------------------+-----------------+
 |    1 |     68724   40.0 |     38214   49.2   3.3 |    14871   54.8 |
 |    2 |    103246   60.0 |     39420   50.8   3.2 |    12270   45.2 |
 +------+------------------+------------------------+-----------------+
 | Min  |     68724   40.0 |     38214   49.2   3.2 |    12270   45.2 |
 |(part)|           (    1)|           (    1     2)|          (    2)|
 +------+------------------+------------------------+-----------------+
 | Max  |    103246   60.0 |     39420   50.8   3.3 |    14871   54.8 |
 |(part)|           (    2)|           (    2     1)|          (    1)|
 +------+------------------+------------------------+-----------------+
 | Ave  |     85985   50.0 |     38817   50.0   3.2 |    13571   50.0 |
 +------+------------------+------------------------+-----------------+
 | Sum  |    171970  100.0 |     77634  100.0       |    27141  100.0 |
 +------+------------------+------------------------+-----------------+


 +--------------------------------------------------------------------+
 |            Host Memory Information (Mbytes): Partitioner           |
 +--------------------------------------------------------------------+
 |          Host           |     System     |      Peak      |   %    |
 +-------------------------+----------------+----------------+--------+
 | MSI                     |     32244.80   |       109.18   |   0.34 |
 +-------------------------+----------------+----------------+--------+

 +--------------------------------------------------------------------+
 |                CPU Time Requirements of Partitioner                |
 +--------------------------------------------------------------------+
 
 GGI Intersection               2.00E-03    0.1 %
 Preparations                   1.31E-01    9.8 %
 Low-level Mesh Partitioning    3.60E-02    2.7 %
 File Reading                   2.07E-01   15.4 %
 Partition Smoothing            1.14E-01    8.5 %
 Topology - Domain Interface    3.00E-03    0.2 %
 Topology - Global              1.00E-03    0.1 %
 Topology - Element/Face/Patch  7.00E-03    0.5 %
 Topology - Vertex              2.00E-03    0.1 %
 Variable Updates               1.00E-03    0.1 %
 File Writing                   3.20E-02    2.4 %
 Miscellaneous                  8.04E-01   60.0 %
                                --------
 Total                          1.34E+00

 +--------------------------------------------------------------------+
 |                   Job Information at End of Run                    |
 +--------------------------------------------------------------------+

 Host computer:  MSI (PID:10116)

 Job finished:   Fri Sep 25 23:46:02 2026

 Total wall clock time: 1.202E+00 seconds
             or: (          0:         0:         0:     1.202 )
                 (       Days:     Hours:   Minutes:   Seconds )

 
 +--------------------------------------------------------------------+
 |                                                                    |
 |                               Solver                               |
 |                                                                    |
 +--------------------------------------------------------------------+
 



 +--------------------------------------------------------------------+
 |                                                                    |
 |                       ANSYS(R) CFX(R) Solver                       |
 |                                                                    |
 | 2026 R1                                                            |
 | Build 26.1 2026-01-12T11:19:59.221722                              |
 | Mon Jan 12 11:54:10 PST 2026                                       |
 |                                                                    |
 |                        Executable Attributes                       |
 |                                                                    |
 |           single-64bit-int32-archfort-optimised-std-lcomp          |
 |                                                                    |
 | Copyright (C) 1996-2026 Synopsys, Inc. and ANSYS, Inc.             |
 |                                                                    |
 | All rights reserved. Unauthorized use, distribution or duplication |
 | is prohibited. This product is subject to U.S. laws governing      |
 | export and re-export. For full Legal Notice, see documentation.    |
 +--------------------------------------------------------------------+




 +--------------------------------------------------------------------+
 |                  Job Information at Start of Run                   |
 +--------------------------------------------------------------------+

 Run mode:       parallel run (Microsoft MPI 10.1.12498.18)

 Job started:    Fri Sep 25 23:46:03 2026

 +--------------------------------------------------------------------+
 |                        License Information                         |
 +--------------------------------------------------------------------+

 License Cap:    ANSYS CFD Solver
 License ID:     MSI-mahmu-11516-000786

 License Cap:    ANSYS HPC Parallel
 License ID:     MSI-mahmu-11516-000789

 INFO: You are using an academic student license which enables meshes 
       up to 1000000 vertices.

 INFO: Your license enables 4-way parallel execution.
       For faster simulations, please start the application with the
       appropriate parallel options.


 +--------------------------------------------------------------------+
 |         Initial Memory Allocation  (Actual usage may vary)         |
 +--------------------------------------------------------------------+

 Allocated storage in:    Mwords
                          Mbytes

 Process   | Real       | Integer    | Character | Logical  | Double
 ----------+------------+------------+-----------+----------+----------
   Minimum |      28.74 |       5.95 |      9.59 |     0.12 |     1.21
  (     2) |     109.64 |      22.71 |      9.15 |     0.46 |     9.22
 ----------+------------+------------+-----------+----------+----------
   Maximum |      30.02 |       6.64 |      9.59 |     0.12 |     1.21
  (     1) |     114.51 |      25.34 |      9.15 |     0.46 |     9.22
 ----------+------------+------------+-----------+----------+----------
   Average |      29.38 |       6.30 |      9.59 |     0.12 |     1.21
           |     112.07 |      24.03 |      9.15 |     0.46 |     9.22
 ----------+------------+------------+-----------+----------+----------
     Total |      58.76 |      12.60 |     19.18 |     0.24 |     2.42
           |     224.15 |      48.06 |     18.29 |     0.92 |    18.43
 ----------+------------+------------+-----------+----------+----------


 +--------------------------------------------------------------------+
 |            Host Memory Information (Mbytes): Solver                |
 +--------------------------------------------------------------------+
 |           Host         | Nproc |   System    |  Allocated  |   %   |
 +------------------------+-------+-------------+-------------+-------+
 | MSI                    |    2  |    32244.80 |      309.85 |  0.96 |
 +------------------------+-------+-------------+-------------+-------+

 +--------------------------------------------------------------------+
 |                      Topology Simplification                       |
 +--------------------------------------------------------------------+

 +--------------------------------------------------------------------+
 |                       ****** Warning ******                        |
 |                                                                    |
 | Topology simplification is activated with the following            |
 | restrictions:                                                      |
 |                                                                    |
 | - Mesh regions referenced only within User Fortran and NOT         |
 |   in the command file will cause the solver to stop.               |
 | - The solver will stop during any "Edit Run in Progress" step      |
 |   if new 2D regions are referenced.                                |
 +--------------------------------------------------------------------+

 +--------------------------------------------------------------------+
 |                          Mesh Statistics                           |
 +--------------------------------------------------------------------+
 | Domain Name          | Orthog. Angle | Exp. Factor  | Aspect Ratio |
 +----------------------+---------------+--------------+--------------+
 |                      | Minimum [deg] |   Maximum    |    Maximum   |
 +----------------------+---------------+--------------+--------------+
 | R1                   |       30.1 ok |        42  ! |       383 ok |
 | S1                   |       31.4 ok |       196  ! |        12 OK |
 | Global               |       30.1 ok |       196  ! |       383 ok |
 +----------------------+---------------+--------------+--------------+
 |                      |  %!  %ok  %OK | %!  %ok  %OK | %!  %ok  %OK |
 +----------------------+---------------+--------------+--------------+
 | R1                   |   0   14   86 | <1    2   98 |  0    2   98 |
 | S1                   |   0    3   97 |  1   18   81 |  0    0  100 |
 | Global               |   0    9   91 |  1   10   89 |  0    1   99 |
 +----------------------+---------------+--------------+--------------+

 Domain Name : R1

     Total Number of Nodes                                =       38360

     Total Number of Elements                             =       33202
         Total Number of Hexahedrons                      =       33202

     Total Number of Faces                                =        9970

 Domain Name : S1

     Total Number of Nodes                                =       36768

     Total Number of Elements                             =      136297
         Total Number of Tetrahedrons                     =      108534
         Total Number of Prisms                           =       27163
         Total Number of Pyramids                         =         600

     Total Number of Faces                                =       16517
 
 Global Statistics :

     Global Number of Nodes                               =       75128

     Global Number of Elements                            =      169499
         Total Number of Tetrahedrons                     =      108534
         Total Number of Prisms                           =       27163
         Total Number of Hexahedrons                      =       33202
         Total Number of Pyramids                         =         600

     Global Number of Faces                               =       26487

 Domain Interface Name : R1 to R1 Periodic 1

     Discretization type                                  =         1:1
     Pitch angle  [degrees]                               =       6.372

 Domain Interface Name : R1 to S1

     Discretization type                                  =         GGI
     Intersection type                                    =   Restarted
     Non-overlap area fraction on side 1                  =    1.07E-02
     Non-overlap area fraction on side 2                  =    1.17E-03
     Pitch ratio ( pitch side 1 / pitch side 2 )          =       1.062
     Pitch angle for side 1 [degrees]                     =       6.372
     Pitch angle for side 2 [degrees]                     =       6.000
     Number of stage groups                               =          20

 Domain Interface Name : S1 to S1 Periodic 1

     Discretization type                                  =         GGI
     Intersection type                                    =   Restarted
     Non-overlap area fraction on side 1                  =    2.68E-07
     Non-overlap area fraction on side 2                  =    2.66E-05
     Pitch angle  [degrees]                               =       6.000

 +--------------------------------------------------------------------+
 |      Initial Conditions Supplied by Fields in the Input Files      |
 +--------------------------------------------------------------------+

 Domain Name : R1
     Absolute Pressure
     Courant Number
     Eddy Viscosity
     First Blending Function for BSL and SST model
     Pressure
     Pressure.Gradient
     Real Partition Number
     Rotation Velocity
     Second Blending Function for SST model
     Shear Strain Rate
     Specific Volume
     Total Pressure
     Total Pressure in Rel Frame
     Total Pressure in Stn Frame
     Turbulence Eddy Dissipation
     Turbulence Eddy Frequency
     Turbulence Kinetic Energy
     Velocity
     Velocity in Stn Frame
     Velocity in Stn Frame.Beta
     Velocity in Stn Frame.Gradient
     Velocity.Gradient
     Wall Distance
     Wall Scale
     Wall Scale.Gradient

 Domain Name : S1
     Absolute Pressure
     Courant Number
     Eddy Viscosity
     First Blending Function for BSL and SST model
     Pressure
     Pressure.Gradient
     Real Partition Number
     Rotation Velocity
     Second Blending Function for SST model
     Shear Strain Rate
     Specific Volume
     Total Pressure
     Turbulence Eddy Dissipation
     Turbulence Eddy Frequency
     Turbulence Kinetic Energy
     Velocity
     Velocity.Beta
     Velocity.Gradient
     Wall Distance
     Wall Scale
     Wall Scale.Gradient

 +--------------------------------------------------------------------+
 |                     Average Scale Information                      |
 +--------------------------------------------------------------------+

 Domain Name : R1
     Global Length                                         = 6.9704E-02
     Minimum Extent                                        = 8.6285E-02
     Maximum Extent                                        = 1.0482E-01
     Density                                               = 8.5000E+02
     Dynamic Viscosity                                     = 4.0000E-02
     Velocity                                              = 6.7300E+01
     Advection Time                                        = 1.0357E-03
     Reynolds Number                                       = 9.9686E+04

 Domain Name : S1
     Global Length                                         = 6.7344E-02
     Minimum Extent                                        = 8.4073E-02
     Maximum Extent                                        = 1.0413E-01
     Density                                               = 8.5000E+02
     Dynamic Viscosity                                     = 4.0000E-02
     Velocity                                              = 4.8254E+01
     Advection Time                                        = 1.3956E-03
     Reynolds Number                                       = 6.9054E+04

 +--------------------------------------------------------------------+
 |                Checking for Isolated Fluid Regions                 |
 +--------------------------------------------------------------------+
 
 No isolated fluid regions were found.

 +--------------------------------------------------------------------+
 |              The Equations Solved in This Calculation              |
 +--------------------------------------------------------------------+
 
 Equations are given two labels: the individual name and a combined 
 name used for combining residuals together.  Residuals for multidomain 
 problems are combined provided the domains are connected together and 
 have the same domain type (solid or fluid/porous).  If there are 
 multiple groups of the same domain type, then the group residual is 
 identified by the name of the first domain in the connected group. 
 
 The individual and combined equation names are given below.

 Subsystem : Momentum and Mass

   U-Mom-R1                                  --> U-Mom
   V-Mom-R1                                  --> V-Mom
   W-Mom-R1                                  --> W-Mom
   P-Mass-R1                                 --> P-Mass
   U-Mom-S1                                  --> U-Mom
   V-Mom-S1                                  --> V-Mom
   W-Mom-S1                                  --> W-Mom
   P-Mass-S1                                 --> P-Mass

 Subsystem : TurbKE and TurbFreq

   K-TurbKE-R1                               --> K-TurbKE
   O-TurbFreq-R1                             --> O-TurbFreq
   K-TurbKE-S1                               --> K-TurbKE
   O-TurbFreq-S1                             --> O-TurbFreq
                   
 CFD Solver started: Fri Sep 25 23:46:07 2026


 +--------------------------------------------------------------------+
 |                       Convergence History                          |
 +--------------------------------------------------------------------+

 ======================================================================
 |                        Timescale Information                       |
 ----------------------------------------------------------------------
 |       Equation       |         Type          |      Timescale      |
 +----------------------+-----------------------+---------------------+
 | U-Mom-R1             | Physical Timescale    |     2.00000E-03     |
 | V-Mom-R1             | Physical Timescale    |     2.00000E-03     |
 | W-Mom-R1             | Physical Timescale    |     2.00000E-03     |
 | U-Mom-S1             | Physical Timescale    |     2.00000E-03     |
 | V-Mom-S1             | Physical Timescale    |     2.00000E-03     |
 | W-Mom-S1             | Physical Timescale    |     2.00000E-03     |
 +----------------------+-----------------------+---------------------+
 | K-TurbKE-R1          | Physical Timescale    |     2.00000E-03     |
 | O-TurbFreq-R1        | Physical Timescale    |     2.00000E-03     |
 | K-TurbKE-S1          | Physical Timescale    |     2.00000E-03     |
 | O-TurbFreq-S1        | Physical Timescale    |     2.00000E-03     |
 +----------------------+-----------------------+---------------------+

 ======================================================================
 OUTER LOOP ITERATION =   61 (    1) CPU SECONDS = 1.271E+02 (7.732E+00)
 ----------------------------------------------------------------------
 |       Equation       | Rate | RMS Res | Max Res |  Linear Solution |
 +----------------------+------+---------+---------+------------------+
 | U-Mom                | 0.97 | 2.5E-05 | 2.0E-03 |       4.4E-02  OK|
 | V-Mom                | 0.95 | 9.1E-05 | 9.9E-03 |       8.3E-02  OK|
 | W-Mom                | 0.96 | 3.6E-05 | 2.0E-03 |       4.5E-02  OK|
 | P-Mass               | 0.95 | 1.1E-05 | 4.2E-04 |  9.5  8.8E-02  OK|
 +--------------------------------------------------------------------+
 |                     ****** Notice ******                           |
 |  A wall has been placed at portion(s) of an OUTLET                 |
 |  boundary condition (at  69.2% of the faces,  78.2% of the area)   |
 |  to prevent fluid from flowing into the domain.                    |
 |  The boundary condition name is: R1 Outlet.                        |
 |  The fluid name is: Hydraulic Oil.                                 |
 |  If this situation persists, consider switching                    |
 |  to an Opening type boundary condition instead.                    |
 +--------------------------------------------------------------------+
 +----------------------+------+---------+---------+------------------+
 | K-TurbKE             | 1.02 | 9.0E-05 | 1.0E-02 |  5.7  2.4E-02  OK|
 | O-TurbFreq           | 0.91 | 4.3E-05 | 3.8E-03 |  8.0  1.5E-02  OK|
 +----------------------+------+---------+---------+------------------+
                   
 CFD Solver finished: Fri Sep 25 23:46:08 2026
 CFD Solver wall clock seconds: 1.1890E+00

 ======================================================================
              Termination and Interrupt Condition Summary
 ======================================================================
    
 CFD Solver: All target criteria reached
   (Equation residuals)

 ======================================================================
              Boundary Flow and Total Source Term Summary
 ======================================================================

 +--------------------------------------------------------------------+
 |                              U-Mom-R1                              |
 +--------------------------------------------------------------------+
 Boundary         : R1 Blade                               -1.5732E+03
 Boundary         : R1 Hub                                 -1.0914E+04
 Boundary         : R1 Outlet                               1.7676E+02
 Boundary         : R1 Shroud                              -1.3917E+04
 Boundary         : Periodic                               -2.8751E+03
 Domain Src (Pos) : R1                                      2.9416E+04
 Domain Interface : R1 to S1 (Side 1)                      -3.1337E+02
                                                           -----------
 Domain Imbalance :                                        -4.0549E-01

 +--------------------------------------------------------------------+
 |                              V-Mom-R1                              |
 +--------------------------------------------------------------------+
 Boundary         : R1 Blade                                3.8927E+03
 Boundary         : R1 Hub                                 -1.3287E+03
 Boundary         : R1 Outlet                              -2.4212E+03
 Boundary         : R1 Shroud                              -2.1847E+03
 Boundary         : Periodic                               -3.2811E+02
 Domain Src (Neg) : R1                                     -1.6930E+02
 Domain Src (Pos) : R1                                      3.3652E+03
 Domain Interface : R1 to S1 (Side 1)                      -8.1432E+02
                                                           -----------
 Domain Imbalance :                                         1.1623E+01

 +--------------------------------------------------------------------+
 |                              W-Mom-R1                              |
 +--------------------------------------------------------------------+
 Boundary         : R1 Blade                               -1.7782E+03
 Boundary         : R1 Hub                                 -7.5591E+01
 Boundary         : R1 Outlet                              -3.1173E+02
 Boundary         : R1 Shroud                              -8.2101E+00
 Boundary         : Periodic                               -3.3292E-01
 Domain Interface : R1 to S1 (Side 1)                       2.1745E+03
                                                           -----------
 Domain Imbalance :                                         4.4580E-01

 +--------------------------------------------------------------------+
 |                             P-Mass-R1                              |
 +--------------------------------------------------------------------+
 Boundary         : R1 Outlet                              -1.2153E+01
 Domain Interface : R1 to S1 (Side 1)                       1.2154E+01
                                                           -----------
 Domain Imbalance :                                         1.0185E-03

 +--------------------------------------------------------------------+
 |                              U-Mom-S1                              |
 +--------------------------------------------------------------------+
 Boundary         : S1 Blade                                4.1173E+01
 Boundary         : S1 Hub                                  6.4432E+02
 Boundary         : S1 Inlet                               -1.4842E+01
 Boundary         : S1 Shroud                              -1.4966E+03
 Domain Interface : R1 to S1 (Side 2)                       3.3840E+02
 Domain Interface : S1 to S1 Periodic 1 (Side 1)           -5.4278E+02
 Domain Interface : S1 to S1 Periodic 1 (Side 2)            1.0308E+03
                                                           -----------
 Domain Imbalance :                                         4.4177E-01

 +--------------------------------------------------------------------+
 |                              V-Mom-S1                              |
 +--------------------------------------------------------------------+
 Boundary         : S1 Blade                               -5.7150E+02
 Boundary         : S1 Hub                                  1.4441E+01
 Boundary         : S1 Inlet                               -2.7865E-01
 Boundary         : S1 Shroud                              -9.6018E+01
 Domain Interface : R1 to S1 (Side 2)                       5.8771E+02
 Domain Interface : S1 to S1 Periodic 1 (Side 1)            4.6854E+03
 Domain Interface : S1 to S1 Periodic 1 (Side 2)           -4.6073E+03
                                                           -----------
 Domain Imbalance :                                         1.2464E+01

 +--------------------------------------------------------------------+
 |                              W-Mom-S1                              |
 +--------------------------------------------------------------------+
 Boundary         : S1 Blade                                1.3827E+03
 Boundary         : S1 Hub                                 -5.3708E-01
 Boundary         : S1 Inlet                                6.9098E+02
 Boundary         : S1 Shroud                               4.1250E-01
 Domain Interface : R1 to S1 (Side 2)                      -2.0677E+03
 Domain Interface : S1 to S1 Periodic 1 (Side 1)           -5.4792E+02
 Domain Interface : S1 to S1 Periodic 1 (Side 2)            5.4305E+02
                                                           -----------
 Domain Imbalance :                                         9.7083E-01

 +--------------------------------------------------------------------+
 |                             P-Mass-S1                              |
 +--------------------------------------------------------------------+
 Boundary         : S1 Inlet                                1.1445E+01
 Domain Interface : R1 to S1 (Side 2)                      -1.1445E+01
 Domain Interface : S1 to S1 Periodic 1 (Side 1)            2.2839E+01
 Domain Interface : S1 to S1 Periodic 1 (Side 2)           -2.2839E+01
                                                           -----------
 Domain Imbalance :                                        -5.5122E-04


 +--------------------------------------------------------------------+
 |                     Normalised Imbalance Summary                   |
 +--------------------------------------------------------------------+
 |       Equation       |      Maximum Flow     |     Imbalance (%)   |
 +--------------------------------------------------------------------+
 | U-Mom-R1             |       2.9416E+04      |       -0.0014       |
 | V-Mom-R1             |       2.9416E+04      |        0.0395       |
 | W-Mom-R1             |       2.9416E+04      |        0.0015       |
 | P-Mass-R1            |       2.2839E+01      |        0.0045       |
 | U-Mom-S1             |       2.9416E+04      |        0.0015       |
 | V-Mom-S1             |       2.9416E+04      |        0.0424       |
 | W-Mom-S1             |       2.9416E+04      |        0.0033       |
 | P-Mass-S1            |       2.2839E+01      |       -0.0024       |
 +----------------------+-----------------------+---------------------+

 ======================================================================
                     Wall Force and Moment Summary
 ======================================================================
                                                                          
 Notes:
 1. Pressure integrals exclude the reference pressure.  To include
    it, set the expert parameter 'include pref in forces = t'.
 2. These quantities are evaluated in a reference frame fixed to
    the initial domain orientation and are not rotated if the orientation
    changes (e.g. transient run or specified rotational offset).


 +--------------------------------------------------------------------+
 |                      Pressure Force On Walls                       |
 +--------------------------------------------------------------------+
                                    X-Comp.      Y-Comp.      Z-Comp.

 Domain Group: R1

 R1 Blade                         1.5144E+03  -3.9139E+03   1.6518E+03
 R1 Hub                           1.0914E+04   1.3284E+03   8.4437E+00
 R1 Shroud                        1.3972E+04   1.7518E+03  -2.3671E+01
 S1 Blade                         1.9358E+01   5.5719E+02  -1.3855E+03
 S1 Hub                          -6.4425E+02  -1.5112E+01   7.5240E-03
 S1 Shroud                        1.4982E+03   8.1355E+01  -3.3441E-02
                                  -----------  -----------  -----------
 Domain Group Totals :            2.7274E+04  -2.1025E+02   2.5103E+02


 +--------------------------------------------------------------------+
 |                       Viscous Force On Walls                       |
 +--------------------------------------------------------------------+
                                    X-Comp.      Y-Comp.      Z-Comp.

 Domain Group: R1

 R1 Blade                         5.8834E+01   2.1200E+01   1.2643E+02
 R1 Hub                          -7.1639E-01   2.3104E-01   6.7147E+01
 R1 Shroud                       -5.4943E+01   4.3291E+02   3.1881E+01
 S1 Blade                        -6.0531E+01   1.4310E+01   2.8192E+00
 S1 Hub                          -6.5171E-02   6.7160E-01   5.2956E-01
 S1 Shroud                       -1.6643E+00   1.4663E+01  -3.7905E-01
                                  -----------  -----------  -----------
 Domain Group Totals :           -5.9086E+01   4.8399E+02   2.2842E+02


 +--------------------------------------------------------------------+
 |                      Pressure Moment On Walls                      |
 +--------------------------------------------------------------------+
                                    X-Comp.      Y-Comp.      Z-Comp.

 Domain Group: R1

 R1 Blade                         3.7877E+02  -5.0222E+02  -1.6807E+03
 R1 Hub                          -1.3377E+02   1.1470E+03  -8.0884E+00
 R1 Shroud                       -1.6966E+02   1.4747E+03   4.2002E+00
 S1 Blade                        -9.4423E+01   6.3264E+02   2.5228E+02
 S1 Hub                           2.5236E-01   3.6142E+00  -1.9068E-03
 S1 Shroud                       -3.5636E+00   3.3094E+01  -3.5804E-03
                                  -----------  -----------  -----------
 Domain Group Totals :           -2.2396E+01   2.7889E+03  -1.4323E+03


 +--------------------------------------------------------------------+
 |                       Viscous Moment On Walls                      |
 +--------------------------------------------------------------------+
                                    X-Comp.      Y-Comp.      Z-Comp.

 Domain Group: R1

 R1 Blade                         6.0606E+00  -4.0927E+01   5.7907E+00
 R1 Hub                           4.1863E+00  -2.5191E+01   1.1774E-01
 R1 Shroud                       -4.3873E+01  -1.9753E+01   1.9980E+02
 S1 Blade                        -6.0019E-01  -3.8505E+00   8.3465E+00
 S1 Hub                          -1.9076E-02  -2.0425E-01   2.5761E-01
 S1 Shroud                       -7.7885E-01   8.6274E-02   6.7511E+00
                                  -----------  -----------  -----------
 Domain Group Totals :           -3.5024E+01  -8.9840E+01   2.2106E+02


 +--------------------------------------------------------------------+
 |                   Locations of Maximum Residuals                   |
 +--------------------------------------------------------------------+
 |       Equation       |      Domain Name      |     Node Number     |
 +--------------------------------------------------------------------+
 | U-Mom                | R1                    |          19581      |
 | V-Mom                | R1                    |          19581      |
 | W-Mom                | R1                    |          16861      |
 | P-Mass               | R1                    |          19571      |
 +----------------------+-----------------------+---------------------+
 | K-TurbKE             | R1                    |          18252      |
 | O-TurbFreq           | R1                    |          18241      |
 +----------------------+-----------------------+---------------------+

 ======================================================================
 |                     False Transient Information                    |
 +--------------------------------------------------------------------+
 |       Equation       |         Type          | Elapsed Pseudo-Time |
 +--------------------------------------------------------------------+
 | U-Mom-R1             | Physical Timescale    |     1.22000E-01     |
 | V-Mom-R1             | Physical Timescale    |     1.22000E-01     |
 | W-Mom-R1             | Physical Timescale    |     1.22000E-01     |
 | U-Mom-S1             | Physical Timescale    |     1.22000E-01     |
 | V-Mom-S1             | Physical Timescale    |     1.22000E-01     |
 | W-Mom-S1             | Physical Timescale    |     1.22000E-01     |
 +----------------------+-----------------------+---------------------+
 | K-TurbKE-R1          | Physical Timescale    |     1.22000E-01     |
 | O-TurbFreq-R1        | Physical Timescale    |     1.22000E-01     |
 | K-TurbKE-S1          | Physical Timescale    |     1.22000E-01     |
 | O-TurbFreq-S1        | Physical Timescale    |     1.22000E-01     |
 +----------------------+-----------------------+---------------------+

 +--------------------------------------------------------------------+
 |                     Average Scale Information                      |
 +--------------------------------------------------------------------+

 Domain Name : R1
     Global Length                                         = 6.9704E-02
     Minimum Extent                                        = 8.6285E-02
     Maximum Extent                                        = 1.0482E-01
     Density                                               = 8.5000E+02
     Dynamic Viscosity                                     = 4.0000E-02
     Velocity                                              = 6.7285E+01
     Advection Time                                        = 1.0360E-03
     Reynolds Number                                       = 9.9662E+04

 Domain Name : S1
     Global Length                                         = 6.7344E-02
     Minimum Extent                                        = 8.4073E-02
     Maximum Extent                                        = 1.0413E-01
     Density                                               = 8.5000E+02
     Dynamic Viscosity                                     = 4.0000E-02
     Velocity                                              = 4.8280E+01
     Advection Time                                        = 1.3949E-03
     Reynolds Number                                       = 6.9091E+04

 +--------------------------------------------------------------------+
 |                     Variable Range Information                     |
 +--------------------------------------------------------------------+

 Domain Name : R1
 +--------------------------------------------------------------------+
 |      Variable Name                         |    min    |    max    |
 +--------------------------------------------------------------------+
 | Density                                    |  8.50E+02 |  8.50E+02 |
 | Dynamic Viscosity                          |  4.00E-02 |  4.00E-02 |
 | Velocity u                                 | -6.33E+01 |  6.09E+01 |
 | Velocity v                                 | -1.96E+02 |  1.06E+02 |
 | Velocity w                                 | -6.04E+01 |  1.36E+02 |
 | Pressure                                   | -9.17E+06 |  9.45E+06 |
 | Turbulence Kinetic Energy                  |  1.46E+01 |  1.16E+03 |
 | Turbulence Eddy Frequency                  |  3.11E+03 |  7.18E+05 |
 | Eddy Viscosity                             |  9.45E-02 |  1.70E+01 |
 | Wall Scale                                 | -1.51E-06 |  4.95E-04 |
 | Wall Distance                              |  0.00E+00 |  2.89E-02 |
 +--------------------------------------------------------------------+

 Domain Name : S1
 +--------------------------------------------------------------------+
 |      Variable Name                         |    min    |    max    |
 +--------------------------------------------------------------------+
 | Density                                    |  8.50E+02 |  8.50E+02 |
 | Dynamic Viscosity                          |  4.00E-02 |  4.00E-02 |
 | Velocity u                                 | -9.43E+01 |  1.14E+01 |
 | Velocity v                                 | -6.69E+01 |  2.08E+02 |
 | Velocity w                                 | -5.99E+01 |  5.55E+01 |
 | Pressure                                   | -1.08E+07 |  7.62E+06 |
 | Turbulence Kinetic Energy                  |  2.67E-04 |  6.80E+02 |
 | Turbulence Eddy Frequency                  |  1.12E+02 |  5.56E+06 |
 | Eddy Viscosity                             |  2.34E-07 |  1.03E+01 |
 | Wall Scale                                 | -1.05E-06 |  5.61E-04 |
 | Wall Distance                              |  0.00E+00 |  3.31E-02 |
 +--------------------------------------------------------------------+


 +--------------------------------------------------------------------+
 |            Host Memory Information (Mbytes): Solver                |
 +--------------------------------------------------------------------+
 |           Host         | Nproc |   System    |    Peak     |   %   |
 +------------------------+-------+-------------+-------------+-------+
 | MSI                    |    2  |    32244.80 |      374.41 |  1.16 |
 +------------------------+-------+-------------+-------------+-------+

 +--------------------------------------------------------------------+
 |              CPU Time Requirements of Solver - Total               |
 +--------------------------------------------------------------------+
 
 Subsystem Name                  Discretization       Linear Solution
                                (secs.   %total)     (secs.   %total) 
 ----------------------------------------------------------------------
 Momentum and Mass              1.14E+00   9.2 %     2.91E-01   2.4 %
 TurbKE and TurbFreq            3.81E-01   3.1 %     2.67E-01   2.2 %
                                -------- -------     --------  ------
 Subsystem Summary              1.52E+00  12.4 %     5.58E-01   4.5 %

 GGI Intersection               1.90E-02    0.2 %
 File Reading                   1.39E+00   11.3 %
 Variable Updates               1.96E-01    1.6 %
 File Writing                   2.15E+00   17.5 %
 Miscellaneous                  6.44E+00   52.5 %
                                --------
 Total                          1.23E+01

 +--------------------------------------------------------------------+
 |                   Job Information at End of Run                    |
 +--------------------------------------------------------------------+

 Job finished:   Fri Sep 25 23:46:09 2026

 Total wall clock time: 5.908E+00 seconds
             or: (          0:         0:         0:     5.908 )
                 (       Days:     Hours:   Minutes:   Seconds )



 --> Final synchronization point reached by all processes.
End of solution stage.
